[slimhamdi.net/salimov/demos/index.html]
[backblue.gif]
[fade.gif]
[index.html]
[slimhamdi.net/salimov/demos/css/devicon.min.css]
[slimhamdi.net/salimov/demos/css/all.min.css]
[slimhamdi.net/salimov/demos/css/swiper-bundle.min.css]
[slimhamdi.net/salimov/demos/css/bootstrap.min.css]
[slimhamdi.net/salimov/demos/css/animate.min.css]
[slimhamdi.net/salimov/demos/css/jquery.mCustomScrollbar.min.css]
[slimhamdi.net/salimov/demos/css/style.css]
[slimhamdi.net/salimov/demos/css/skins/yellow.css]
[slimhamdi.net/salimov/demos/css/skins/blue.css]
[slimhamdi.net/salimov/demos/css/skins/green.css]
[slimhamdi.net/salimov/demos/css/skins/red.css]
[slimhamdi.net/salimov/demos/css/skins/yellowgreen.css]
[slimhamdi.net/salimov/demos/css/skins/orange.css]
[slimhamdi.net/salimov/demos/css/skins/pink.css]
[slimhamdi.net/salimov/demos/css/skins/goldenrod.css]
[slimhamdi.net/salimov/demos/css/skins/turquoise.css]
[slimhamdi.net/salimov/demos/css/styleswitcher.css]
[slimhamdi.net/salimov/demos/assets/styleswitcher/yellow.png]
[slimhamdi.net/salimov/demos/assets/styleswitcher/green.png]
[slimhamdi.net/salimov/demos/assets/styleswitcher/red.png]
[slimhamdi.net/salimov/demos/assets/styleswitcher/blue.png]
[slimhamdi.net/salimov/demos/assets/styleswitcher/orange.png]
[slimhamdi.net/salimov/demos/assets/styleswitcher/yellowgreen.png]
[slimhamdi.net/salimov/demos/assets/styleswitcher/pink.png]
[slimhamdi.net/salimov/demos/assets/styleswitcher/goldenrod.png]
[slimhamdi.net/salimov/demos/assets/about.jpg]
[slimhamdi.net/salimov/demos/assets/separator.png]
[slimhamdi.net/salimov/demos/assets/separator-mobile-down.png]
[slimhamdi.net/salimov/demos/assets/separator-opposite.png]
[slimhamdi.net/salimov/demos/assets/separator-mobile-up.png]
[slimhamdi.net/salimov/demos/assets/portfolio/project-1.jpg]
[slimhamdi.net/salimov/demos/assets/portfolio/project-2.jpg]
[slimhamdi.net/salimov/demos/assets/portfolio/project-3.jpg]
[slimhamdi.net/salimov/demos/assets/testimonials/testimonial-1.jpg]
[slimhamdi.net/salimov/demos/assets/testimonials/testimonial-2.jpg]
[slimhamdi.net/salimov/demos/assets/logos/themeforest-dark-background.png]
[slimhamdi.net/salimov/demos/assets/logos/photodune-dark-background.png]
[slimhamdi.net/salimov/demos/assets/logos/graphicriver-dark-background.png]
[slimhamdi.net/salimov/demos/assets/logos/codecanyon-dark-background.png]
[slimhamdi.net/salimov/demos/assets/logos/audiojungle-dark-background.png]
[slimhamdi.net/salimov/demos/assets/logos/activeden-dark-background.png]
[slimhamdi.net/salimov/demos/assets/logos/3docean-dark-background.png]
[slimhamdi.net/salimov/demos/blog-post.html]
[slimhamdi.net/salimov/demos/assets/blog/blog-post-1.jpg]
[slimhamdi.net/salimov/demos/assets/blog/blog-post-2.jpg]
[slimhamdi.net/salimov/demos/assets/blog/blog-post-3.jpg]
[slimhamdi.net/salimov/demos/assets/separator-copyright-mobile.png]
[slimhamdi.net/salimov/demos/assets/separator-copyright.png]
[slimhamdi.net/salimov/demos/js/jquery-3.6.3.min.js]
[slimhamdi.net/salimov/demos/js/jquery.mCustomScrollbar.min.js]
[slimhamdi.net/salimov/demos/js/swiper-bundle.min.js]
[slimhamdi.net/salimov/demos/js/wow.min.js]
[slimhamdi.net/salimov/demos/js/custom.js]
[slimhamdi.net/salimov/demos/js/styleswitcher.js]
[slimhamdi.net/salimov/demos/index.html]
[slimhamdi.net/salimov/demos/fonts/devicon2d7c.eot]
[slimhamdi.net/salimov/demos/fonts/devicon2d7c.ttf]
[slimhamdi.net/salimov/demos/fonts/devicon2d7c.woff]
[slimhamdi.net/salimov/demos/css/devicon.min.css]
[slimhamdi.net/salimov/demos/fonts/fa-brands-400.ttf]
[slimhamdi.net/salimov/demos/fonts/fa-regular-400.ttf]
[slimhamdi.net/salimov/demos/fonts/fa-solid-900.ttf]
[slimhamdi.net/salimov/demos/fonts/fa-v4compatibility.ttf]
[slimhamdi.net/salimov/demos/css/all.min.css]
[slimhamdi.net/salimov/demos/css/bootstrap.min.css]
[slimhamdi.net/salimov/demos/css/swiper-bundle.min.css]
[slimhamdi.net/salimov/demos/css/animate.min.css]
[slimhamdi.net/salimov/demos/css/jquery.mCustomScrollbar.min.css]
[slimhamdi.net/salimov/demos/assets/backgrounds/facts.jpg]
[slimhamdi.net/salimov/demos/assets/backgrounds/clients.jpg]
[slimhamdi.net/salimov/demos/assets/backgrounds/testimonials.jpg]
[slimhamdi.net/salimov/demos/css/style.css]
[slimhamdi.net/salimov/demos/css/skins/yellow.css]
[slimhamdi.net/salimov/demos/css/skins/blue.css]
[slimhamdi.net/salimov/demos/css/skins/green.css]
[slimhamdi.net/salimov/demos/css/skins/red.css]
[slimhamdi.net/salimov/demos/css/skins/yellowgreen.css]
[slimhamdi.net/salimov/demos/css/skins/orange.css]
[slimhamdi.net/salimov/demos/css/skins/pink.css]
[slimhamdi.net/salimov/demos/css/skins/goldenrod.css]
[slimhamdi.net/salimov/demos/css/skins/turquoise.css]
[slimhamdi.net/salimov/demos/css/styleswitcher.css]
[slimhamdi.net/salimov/demos/assets/blog/main-post.jpg]
[slimhamdi.net/salimov/demos/blog-post.html]
[slimhamdi.net/salimov/demos/fonts/devicon2d7c.svg]
[slimhamdi.net/salimov/demos/fonts/fa-brands-400.html]
[slimhamdi.net/salimov/demos/fonts/fa-regular-400.html]
[slimhamdi.net/salimov/demos/fonts/fa-solid-900.html]
[slimhamdi.net/salimov/demos/fonts/fa-v4compatibility.html]
[slimhamdi.net/salimov/demos/css/mCSB_buttons.html]
